# created a git folder

D:\Git>dir
 Volume in drive D is New Volume
 Volume Serial Number is 9C00-4A48

# added 3 txt files

 Directory of D:\Git

21-01-2020  PM 02:34    <DIR>          .
21-01-2020  PM 02:34    <DIR>          ..
21-01-2020  PM 02:35               328 Attendance.txt
               1 File(s)            328 bytes
               2 Dir(s)  264,595,054,592 bytes free

D:\Git>dir
 Volume in drive D is New Volume
 Volume Serial Number is 9C00-4A48

 Directory of D:\Git

21-01-2020  PM 02:37    <DIR>          .
21-01-2020  PM 02:37    <DIR>          ..
21-01-2020  PM 02:35               328 Attendance.txt
21-01-2020  PM 02:36                95 parents.txt
21-01-2020  PM 02:38                94 Teachers.txt
               3 File(s)            517 bytes
               2 Dir(s)  264,595,054,592 bytes free

# Initializing Git to folder

D:\Git>git init
Initialized empty Git repository in D:/Git/.git/

D:\Git>git status
On branch master

No commits yet

Untracked files:
  (use "git add <file>..." to include in what will be committed)
        Attendance.txt
        Teachers.txt
        parents.txt

nothing added to commit but untracked files present (use "git add" to track)

D:\Git>git status
On branch master

No commits yet

Untracked files:
  (use "git add <file>..." to include in what will be committed)
        Attendance.txt
        Teachers.txt
        parents.txt

nothing added to commit but untracked files present (use "git add" to track)

# adding files under Git

D:\Git>git add .

D:\Git>git status
On branch master

No commits yet

Changes to be committed:
  (use "git rm --cached <file>..." to unstage)
        new file:   Attendance.txt
        new file:   Teachers.txt
        new file:   parents.txt


D:\Git>git status
On branch master

No commits yet

Changes to be committed:
  (use "git rm --cached <file>..." to unstage)
        new file:   Attendance.txt
        new file:   Teachers.txt
        new file:   parents.txt

Changes not staged for commit:
  (use "git add <file>..." to update what will be committed)
  (use "git restore <file>..." to discard changes in working directory)
        modified:   Attendance.txt


D:\Git>git commit -m "attendance corrected"

*** Please tell me who you are.

Run

  git config --global user.email "you@example.com"
  git config --global user.name "Your Name"

to set your account's default identity.
Omit --global to set the identity only in this repository.

# configuring name and email id

D:\Git>git config --global user.email "you@example.com"

D:\Git>  git config --global user.name "Manjuraj"

# Commit the files to Git

D:\Git>git commit -m "attendance"
[master (root-commit) ca3b3fc] attendance
 3 files changed, 35 insertions(+)
 create mode 100644 Attendance.txt
 create mode 100644 Teachers.txt
 create mode 100644 parents.txt

# commited files status modified

D:\Git>git status
On branch master
Changes not staged for commit:
  (use "git add <file>..." to update what will be committed)
  (use "git restore <file>..." to discard changes in working directory)
        modified:   Attendance.txt
        modified:   Teachers.txt
        modified:   parents.txt

no changes added to commit (use "git add" and/or "git commit -a")

D:\Git>git add .

D:\Git>git status
On branch master
Changes to be committed:
  (use "git restore --staged <file>..." to unstage)
        modified:   Attendance.txt
        modified:   Teachers.txt
        modified:   parents.txt

Changes not staged for commit:
  (use "git add <file>..." to update what will be committed)
  (use "git restore <file>..." to discard changes in working directory)
        modified:   Attendance.txt

D:\Git>git commit -m "attendance corrected"
[master 0fa0c2d] attendance corrected
 3 files changed, 3 insertions(+), 6 deletions(-)

D:\Git>git status
On branch master
Changes not staged for commit:
  (use "git add <file>..." to update what will be committed)
  (use "git restore <file>..." to discard changes in working directory)
        modified:   Attendance.txt

no changes added to commit (use "git add" and/or "git commit -a")

# Checking Git log

D:\Git>git log
commit 0fa0c2d15db56d4d75b0f6430501931bd5cfc6b7 (HEAD -> master)
Author: Manjuraj <you@example.com>
Date:   Tue Jan 21 14:53:37 2020 +0530

    attendance corrected

commit ca3b3fcec4f453eb0b83b8837440285dca60a885
Author: Manjuraj <you@example.com>
Date:   Tue Jan 21 14:49:17 2020 +0530

    attendance

# checking changes made

D:\Git>git reset --soft 0fa0c2d

D:\Git>git status
On branch master
Changes not staged for commit:
  (use "git add <file>..." to update what will be committed)
  (use "git restore <file>..." to discard changes in working directory)
        modified:   Attendance.txt

no changes added to commit (use "git add" and/or "git commit -a")

D:\Git>git add .

D:\Git>git log
commit 0fa0c2d15db56d4d75b0f6430501931bd5cfc6b7 (HEAD -> master)
Author: Manjuraj <you@example.com>
Date:   Tue Jan 21 14:53:37 2020 +0530

    attendance corrected

commit ca3b3fcec4f453eb0b83b8837440285dca60a885
Author: Manjuraj <you@example.com>
Date:   Tue Jan 21 14:49:17 2020 +0530

    attendance