Microsoft Windows [Version 6.1.7601]
Copyright (c) 2009 Microsoft Corporation.  All rights reserved.

# Initialized Git

E:\Github>git init
Initialized empty Git repository in E:/Github/.git/

# Checking with git status

E:\Github>git status
On branch master

No commits yet

Untracked files:
  (use "git add <file>..." to include in what will be committed)
        chapter 1.txt

nothing added to commit but untracked files present (use "git add" to track)

# adding to git repository

E:\Github>git add .

E:\Github>git commit -m "project chap 1 draft"
[master (root-commit) 49db685] project chap 1 draft
 1 file changed, 1 insertion(+)
 create mode 100644 chapter 1.txt

# Again Checking with git status

E:\Github>git status
On branch master
nothing to commit, working tree clean

# cofiguring the global username and user email

E:\Github>git config --global user.name "manjuraj"

E:\Github>git config --global user.email "manjurajrules@gmail.com"

# Again Checking with git status

E:\Github>git status
On branch master
nothing to commit, working tree clean

# Adding origin

E:\Github>git remote add origin https://github.com/Manjuuraj/github2.git

# Pushing the files

E:\Github>git push -u origin master
Enumerating objects: 3, done.
Counting objects: 100% (3/3), done.
Writing objects: 100% (3/3), 243 bytes | 121.00 KiB/s, done.
Total 3 (delta 0), reused 0 (delta 0)
To https://github.com/Manjuuraj/github2.git
 * [new branch]      master -> master
Branch 'master' set up to track remote branch 'master' from 'origin'.

# Checking with git status after adding origin and after modification to file

E:\Github>git status
On branch master
Your branch is up to date with 'origin/master'.

Changes not staged for commit:
  (use "git add <file>..." to update what will be committed)
  (use "git restore <file>..." to discard changes in working directory)
        modified:   chapter 1.txt

no changes added to commit (use "git add" and/or "git commit -a")

E:\Github>git add .

E:\Github>git status
On branch master
Your branch is up to date with 'origin/master'.

Changes to be committed:
  (use "git restore --staged <file>..." to unstage)
        modified:   chapter 1.txt


# Git commit after modification

E:\Github>git commit -m "project chap 1 first edit"
[master a83cd56] project chap 1 first edit
 1 file changed, 2 insertions(+), 1 deletion(-)

E:\Github>git status
On branch master
Your branch is ahead of 'origin/master' by 1 commit.
  (use "git push" to publish your local commits)

nothing to commit, working tree clean

# Again Pushing to origin

E:\Github>git push -u origin master
Enumerating objects: 5, done.
Counting objects: 100% (5/5), done.
Writing objects: 100% (3/3), 289 bytes | 144.00 KiB/s, done.
Total 3 (delta 0), reused 0 (delta 0)
To https://github.com/Manjuuraj/github2.git
   49db685..a83cd56  master -> master
Branch 'master' set up to track remote branch 'master' from 'origin'.

# Checking status after adding another file

E:\Github>git status
On branch master
Your branch is up to date with 'origin/master'.

Untracked files:
  (use "git add <file>..." to include in what will be committed)
        chapter 2.txt

nothing added to commit but untracked files present (use "git add" to track)

# Adding another file to Git

E:\Github>git add .

E:\Github>git commit -m "project chap 2 first draft"
[master a8d4b43] project chap 2 first draft
 1 file changed, 1 insertion(+)
 create mode 100644 chapter 2.txt

# After adding another file to Git Checking the status

E:\Github>git status
On branch master
Your branch is ahead of 'origin/master' by 1 commit.
  (use "git push" to publish your local commits)

nothing to commit, working tree clean

# Pushing to the origin

E:\Github>git push -u origin master
Enumerating objects: 4, done.
Counting objects: 100% (4/4), done.
Delta compression using up to 2 threads
Compressing objects: 100% (2/2), done.
Writing objects: 100% (3/3), 298 bytes | 99.00 KiB/s, done.
Total 3 (delta 0), reused 0 (delta 0)
To https://github.com/Manjuuraj/github2.git
   a83cd56..a8d4b43  master -> master
Branch 'master' set up to track remote branch 'master' from 'origin'.

E:\Github>